// Jest Snapshot v1, https://goo.gl/fbAQLP

exports[`Main 1`] = `
<div
  className="main"
>
  <Switch>
    <Route
      component={[Function]}
      exact={true}
      path="/dashboard"
    />
    <Route
      component={[Function]}
      exact={true}
      path="/game/:gameId?"
    />
    <Route
      component={[Function]}
      exact={true}
      path="/game/:gameId/character/:characterId?"
    />
    <Redirect
      from="/"
      push={false}
      to="/dashboard"
    />
  </Switch>
</div>
`;
